// Jest Snapshot v1, https://goo.gl/fbAQLP

exports[`App should render without crashing 1`] = `
<div>
  <h1>
    Welcome to SendIT
  </h1>
</div>
`;
