// Jest Snapshot v1, https://goo.gl/fbAQLP

exports[`Dashboard should render without crashing 1`] = `ShallowWrapper {}`;
